// Jest Snapshot v1, https://goo.gl/fbAQLP

exports[`renders xliff from markdown renders autolink wrapped in <x> tags 1`] = `
"<?xml version=\\"1.0\\" encoding=\\"UTF-8\\"?>
<xliff xmlns=\\"urn:oasis:names:tc:xliff:document:1.2\\" version=\\"1.2\\">
  <file original=\\"file.ext\\" source-language=\\"ru-RU\\" target-language=\\"en-US\\" datatype=\\"markdown\\">
    <header>
      <skeleton>
        <external-file href=\\"file.skl\\"></external-file>
      </skeleton>
    </header>
    <body>
      <trans-unit id=\\"1\\">
        <source>Предложение номер один <x ctype=\\"link_autolink\\" equiv-text=\\"&lt;https://www.google.com&gt;\\" id=\\"x-5\\"/>.</source>
      </trans-unit>
      <trans-unit id=\\"2\\">
        <source>Предложение номер два <x ctype=\\"link_autolink\\" equiv-text=\\"&lt;https://www.youtube.com&gt;\\" id=\\"x-6\\"/>.</source>
      </trans-unit>
    </body>
  </file>
</xliff>"
`;

exports[`renders xliff from markdown renders code wrapped in <x> tag 1`] = `
"<?xml version=\\"1.0\\" encoding=\\"UTF-8\\"?>
<xliff xmlns=\\"urn:oasis:names:tc:xliff:document:1.2\\" version=\\"1.2\\">
  <file original=\\"file.ext\\" source-language=\\"ru-RU\\" target-language=\\"en-US\\" datatype=\\"markdown\\">
    <header>
      <skeleton>
        <external-file href=\\"file.skl\\"></external-file>
      </skeleton>
    </header>
    <body>
      <trans-unit id=\\"1\\">
        <source>Предложение номер <x ctype=\\"code_open\\" equiv-text=\\"\`\\" id=\\"x-1\\"/>один<x ctype=\\"code_close\\" equiv-text=\\"\`\\" id=\\"x-2\\"/>.</source>
      </trans-unit>
      <trans-unit id=\\"2\\">
        <source>Предложение номер <x ctype=\\"code_open\\" equiv-text=\\"\`\\" id=\\"x-3\\"/>два<x ctype=\\"code_close\\" equiv-text=\\"\`\\" id=\\"x-4\\"/>.</source>
      </trans-unit>
    </body>
  </file>
</xliff>"
`;

exports[`renders xliff from markdown renders em wrapped in <x> tags 1`] = `
"<?xml version=\\"1.0\\" encoding=\\"UTF-8\\"?>
<xliff xmlns=\\"urn:oasis:names:tc:xliff:document:1.2\\" version=\\"1.2\\">
  <file original=\\"file.ext\\" source-language=\\"ru-RU\\" target-language=\\"en-US\\" datatype=\\"markdown\\">
    <header>
      <skeleton>
        <external-file href=\\"file.skl\\"></external-file>
      </skeleton>
    </header>
    <body>
      <trans-unit id=\\"1\\">
        <source>Предложение номер <g ctype=\\"italic\\" equiv-text=\\"*{{text}}*\\" id=\\"g-3\\" x-begin=\\"*\\" x-end=\\"*\\">один</g>.</source>
      </trans-unit>
      <trans-unit id=\\"2\\">
        <source>Предложение номер <g ctype=\\"italic\\" equiv-text=\\"*{{text}}*\\" id=\\"g-4\\" x-begin=\\"*\\" x-end=\\"*\\">два</g>.</source>
      </trans-unit>
    </body>
  </file>
</xliff>"
`;

exports[`renders xliff from markdown renders file wrapped in <x> tags 1`] = `
"<?xml version=\\"1.0\\" encoding=\\"UTF-8\\"?>
<xliff xmlns=\\"urn:oasis:names:tc:xliff:document:1.2\\" version=\\"1.2\\">
  <file original=\\"file.ext\\" source-language=\\"ru-RU\\" target-language=\\"en-US\\" datatype=\\"markdown\\">
    <header>
      <skeleton>
        <external-file href=\\"file.skl\\"></external-file>
      </skeleton>
    </header>
    <body>
      <trans-unit id=\\"1\\">
        <source>Sentence with <x ctype=\\"file_open\\" equiv-text=\\"{%\\" id=\\"x-7\\"/><x ctype=\\"file_src\\" equiv-text=\\"src=&quot;path/to/file&quot;\\" id=\\"x-8\\"/><x ctype=\\"file_name_open\\" equiv-text=\\"name=&quot;\\" id=\\"x-9\\"/>readme.md<x ctype=\\"file_name_close\\" equiv-text=\\"&quot;\\" id=\\"x-10\\"/><x ctype=\\"file_referrerpolicy\\" equiv-text=\\"referrerpolicy=&quot;no-referrer&quot;\\" id=\\"x-11\\"/><x ctype=\\"file_rel\\" equiv-text=\\"rel=&quot;noopener&quot;\\" id=\\"x-12\\"/><x ctype=\\"file_target\\" equiv-text=\\"target=&quot;_blank&quot;\\" id=\\"x-13\\"/><x ctype=\\"file_type\\" equiv-text=\\"type=&quot;text/plain&quot;\\" id=\\"x-14\\"/><x ctype=\\"file_close\\" equiv-text=\\"%}\\" id=\\"x-15\\"/>.</source>
      </trans-unit>
    </body>
  </file>
</xliff>"
`;

exports[`renders xliff from markdown renders heading with anchors wrapped in <x> tags 1`] = `
"<?xml version=\\"1.0\\" encoding=\\"UTF-8\\"?>
<xliff xmlns=\\"urn:oasis:names:tc:xliff:document:1.2\\" version=\\"1.2\\">
  <file original=\\"file.ext\\" source-language=\\"ru-RU\\" target-language=\\"en-US\\" datatype=\\"markdown\\">
    <header>
      <skeleton>
        <external-file href=\\"file.skl\\"></external-file>
      </skeleton>
    </header>
    <body>
      <trans-unit id=\\"1\\">
        <source>Heading with anchors</source>
      </trans-unit>
    </body>
  </file>
</xliff>"
`;

exports[`renders xliff from markdown renders html wrapped in <x> tags 1`] = `
"<?xml version=\\"1.0\\" encoding=\\"UTF-8\\"?>
<xliff xmlns=\\"urn:oasis:names:tc:xliff:document:1.2\\" version=\\"1.2\\">
  <file original=\\"file.ext\\" source-language=\\"ru-RU\\" target-language=\\"en-US\\" datatype=\\"markdown\\">
    <header>
      <skeleton>
        <external-file href=\\"file.skl\\"></external-file>
      </skeleton>
    </header>
    <body>
      <trans-unit id=\\"1\\">
        <source>Sentence<x ctype=\\"html_inline\\" equiv-text=\\"&lt;br&gt;\\" id=\\"x-30\\"/>with <x ctype=\\"html_inline\\" equiv-text=\\"&lt;b&gt;\\" id=\\"x-31\\"/>html<x ctype=\\"html_inline\\" equiv-text=\\"&lt;/b&gt;\\" id=\\"x-32\\"/>.</source>
      </trans-unit>
    </body>
  </file>
</xliff>"
`;

exports[`renders xliff from markdown renders image all attributes wrapped in <x> tags 1`] = `
"<?xml version=\\"1.0\\" encoding=\\"UTF-8\\"?>
<xliff xmlns=\\"urn:oasis:names:tc:xliff:document:1.2\\" version=\\"1.2\\">
  <file original=\\"file.ext\\" source-language=\\"ru-RU\\" target-language=\\"en-US\\" datatype=\\"markdown\\">
    <header>
      <skeleton>
        <external-file href=\\"file.skl\\"></external-file>
      </skeleton>
    </header>
    <body>
      <trans-unit id=\\"1\\">
        <source>hint</source>
      </trans-unit>
      <trans-unit id=\\"2\\">
        <source>hint</source>
      </trans-unit>
      <trans-unit id=\\"3\\">
        <source>hint</source>
      </trans-unit>
      <trans-unit id=\\"4\\">
        <source>hint</source>
      </trans-unit>
      <trans-unit id=\\"5\\">
        <source>Sentence <g ctype=\\"image\\" equiv-text=\\"![{{text}}](image.png &quot;%%%0%%%&quot; =100x100)\\" id=\\"g-17\\" x-begin=\\"![\\" x-end=\\"](image.png &quot;%%%0%%%&quot; =100x100)\\">image</g>.</source>
      </trans-unit>
      <trans-unit id=\\"6\\">
        <source>Sentence <g ctype=\\"image\\" equiv-text=\\"![{{text}}](image.png &quot;%%%1%%%&quot; =x100)\\" id=\\"g-18\\" x-begin=\\"![\\" x-end=\\"](image.png &quot;%%%1%%%&quot; =x100)\\">image</g>.</source>
      </trans-unit>
      <trans-unit id=\\"7\\">
        <source>Sentence <g ctype=\\"image\\" equiv-text=\\"![{{text}}](image.png &quot;%%%2%%%&quot; =100x)\\" id=\\"g-19\\" x-begin=\\"![\\" x-end=\\"](image.png &quot;%%%2%%%&quot; =100x)\\">image</g>.</source>
      </trans-unit>
      <trans-unit id=\\"8\\">
        <source>Sentence <g ctype=\\"image\\" equiv-text=\\"![{{text}}](image.png =100x100)\\" id=\\"g-20\\" x-begin=\\"![\\" x-end=\\"](image.png =100x100)\\">image</g>.</source>
      </trans-unit>
      <trans-unit id=\\"9\\">
        <source>Sentence <g ctype=\\"image\\" equiv-text=\\"![{{text}}](image.png &quot;%%%3%%%&quot;)\\" id=\\"g-21\\" x-begin=\\"![\\" x-end=\\"](image.png &quot;%%%3%%%&quot;)\\">image</g>.</source>
      </trans-unit>
      <trans-unit id=\\"10\\">
        <source>Sentence <g ctype=\\"image\\" equiv-text=\\"![{{text}}](image.png)\\" id=\\"g-22\\" x-begin=\\"![\\" x-end=\\"](image.png)\\">image</g>.</source>
      </trans-unit>
      <trans-unit id=\\"11\\">
        <source>Sentence <g ctype=\\"image\\" equiv-text=\\"![{{text}}]()\\" id=\\"g-23\\" x-begin=\\"![\\" x-end=\\"]()\\"></g>.</source>
      </trans-unit>
    </body>
  </file>
</xliff>"
`;

exports[`renders xliff from markdown renders link with multiple sentences inside text part and title part wrapped in <x> tags 1`] = `
"<?xml version=\\"1.0\\" encoding=\\"UTF-8\\"?>
<xliff xmlns=\\"urn:oasis:names:tc:xliff:document:1.2\\" version=\\"1.2\\">
  <file original=\\"file.ext\\" source-language=\\"ru-RU\\" target-language=\\"en-US\\" datatype=\\"markdown\\">
    <header>
      <skeleton>
        <external-file href=\\"file.skl\\"></external-file>
      </skeleton>
    </header>
    <body>
      <trans-unit id=\\"1\\">
        <source>Link title sentence one.</source>
      </trans-unit>
      <trans-unit id=\\"2\\">
        <source>Link title sentence two!</source>
      </trans-unit>
      <trans-unit id=\\"3\\">
        <source>Link text sentence one!</source>
      </trans-unit>
      <trans-unit id=\\"4\\">
        <source>Link text sentence Two</source>
      </trans-unit>
    </body>
  </file>
</xliff>"
`;

exports[`renders xliff from markdown renders links wrapped in <x> tags 1`] = `
"<?xml version=\\"1.0\\" encoding=\\"UTF-8\\"?>
<xliff xmlns=\\"urn:oasis:names:tc:xliff:document:1.2\\" version=\\"1.2\\">
  <file original=\\"file.ext\\" source-language=\\"ru-RU\\" target-language=\\"en-US\\" datatype=\\"markdown\\">
    <header>
      <skeleton>
        <external-file href=\\"file.skl\\"></external-file>
      </skeleton>
    </header>
    <body>
      <trans-unit id=\\"1\\">
        <source>one</source>
      </trans-unit>
      <trans-unit id=\\"2\\">
        <source>Предложение номер <g ctype=\\"link\\" equiv-text=\\"[{{text}}](one.md &quot;%%%0%%%&quot;)\\" id=\\"g-11\\" x-begin=\\"[\\" x-end=\\"](one.md &quot;%%%0%%%&quot;)\\">один</g>.</source>
      </trans-unit>
      <trans-unit id=\\"3\\">
        <source>Предложение номер <g ctype=\\"link\\" equiv-text=\\"[{{text}}](two.md)\\" id=\\"g-12\\" x-begin=\\"[\\" x-end=\\"](two.md)\\">два</g>.</source>
      </trans-unit>
    </body>
  </file>
</xliff>"
`;

exports[`renders xliff from markdown renders liquid conditions wrapped in <x> tags 1`] = `
"<?xml version=\\"1.0\\" encoding=\\"UTF-8\\"?>
<xliff xmlns=\\"urn:oasis:names:tc:xliff:document:1.2\\" version=\\"1.2\\">
  <file original=\\"file.ext\\" source-language=\\"ru-RU\\" target-language=\\"en-US\\" datatype=\\"markdown\\">
    <header>
      <skeleton>
        <external-file href=\\"file.skl\\"></external-file>
      </skeleton>
    </header>
    <body>
      <trans-unit id=\\"1\\">
        <source>Sentence with <x ctype=\\"liquid_Literal\\" equiv-text=\\"{% if var == &quot;val&quot; %}\\" id=\\"x-16\\"/> val<x ctype=\\"liquid_Literal\\" equiv-text=\\"{% else %}\\" id=\\"x-17\\"/> other val<x ctype=\\"liquid_Literal\\" equiv-text=\\"{% endif %}\\" id=\\"x-18\\"/>.</source>
      </trans-unit>
      <trans-unit id=\\"2\\">
        <source>A<x ctype=\\"liquid_Literal\\" equiv-text=\\"{% else %}\\" id=\\"x-19\\"/> B<x ctype=\\"liquid_Literal\\" equiv-text=\\"{% endif %}\\" id=\\"x-20\\"/> Point.</source>
      </trans-unit>
    </body>
  </file>
</xliff>"
`;

exports[`renders xliff from markdown renders liquid filters wrapped in <x> tags 1`] = `
"<?xml version=\\"1.0\\" encoding=\\"UTF-8\\"?>
<xliff xmlns=\\"urn:oasis:names:tc:xliff:document:1.2\\" version=\\"1.2\\">
  <file original=\\"file.ext\\" source-language=\\"ru-RU\\" target-language=\\"en-US\\" datatype=\\"markdown\\">
    <header>
      <skeleton>
        <external-file href=\\"file.skl\\"></external-file>
      </skeleton>
    </header>
    <body>
      <trans-unit id=\\"1\\">
        <source>Sentence with filter <x ctype=\\"liquid_Filter\\" equiv-text=\\"{{ users | length }}\\" id=\\"x-26\\"/>.</source>
      </trans-unit>
      <trans-unit id=\\"2\\">
        <source><x ctype=\\"liquid_Filter\\" equiv-text=\\"{{user | capitalize}}\\" id=\\"x-27\\"/> starts with filter.</source>
      </trans-unit>
    </body>
  </file>
</xliff>"
`;

exports[`renders xliff from markdown renders liquid filters wrapped in <x> tags inside tables 1`] = `
"<?xml version=\\"1.0\\" encoding=\\"UTF-8\\"?>
<xliff xmlns=\\"urn:oasis:names:tc:xliff:document:1.2\\" version=\\"1.2\\">
  <file original=\\"file.ext\\" source-language=\\"ru-RU\\" target-language=\\"en-US\\" datatype=\\"markdown\\">
    <header>
      <skeleton>
        <external-file href=\\"file.skl\\"></external-file>
      </skeleton>
    </header>
    <body>
      <trans-unit id=\\"1\\">
        <source>Heading one</source>
      </trans-unit>
      <trans-unit id=\\"2\\">
        <source>Heading two</source>
      </trans-unit>
      <trans-unit id=\\"3\\">
        <source>Cell with <x ctype=\\"liquid_Filter\\" equiv-text=\\"{{ variable | length }}\\" id=\\"x-33\\"/></source>
      </trans-unit>
      <trans-unit id=\\"4\\">
        <source>Cell with <x ctype=\\"liquid_Variable\\" equiv-text=\\"{{ variable }}\\" id=\\"x-34\\"/></source>
      </trans-unit>
    </body>
  </file>
</xliff>"
`;

exports[`renders xliff from markdown renders liquid functions wrapped in <x> tags 1`] = `
"<?xml version=\\"1.0\\" encoding=\\"UTF-8\\"?>
<xliff xmlns=\\"urn:oasis:names:tc:xliff:document:1.2\\" version=\\"1.2\\">
  <file original=\\"file.ext\\" source-language=\\"ru-RU\\" target-language=\\"en-US\\" datatype=\\"markdown\\">
    <header>
      <skeleton>
        <external-file href=\\"file.skl\\"></external-file>
      </skeleton>
    </header>
    <body>
      <trans-unit id=\\"1\\">
        <source>Sentence with function <x ctype=\\"liquid_Function\\" equiv-text=\\"{{ user.name.slice(1, 2) }}\\" id=\\"x-24\\"/>.</source>
      </trans-unit>
      <trans-unit id=\\"2\\">
        <source><x ctype=\\"liquid_Function\\" equiv-text=\\"{{ user.name.slice(1, 2) }}\\" id=\\"x-25\\"/> starts with function.</source>
      </trans-unit>
    </body>
  </file>
</xliff>"
`;

exports[`renders xliff from markdown renders liquid loops wrapped in <x> tags 1`] = `
"<?xml version=\\"1.0\\" encoding=\\"UTF-8\\"?>
<xliff xmlns=\\"urn:oasis:names:tc:xliff:document:1.2\\" version=\\"1.2\\">
  <file original=\\"file.ext\\" source-language=\\"ru-RU\\" target-language=\\"en-US\\" datatype=\\"markdown\\">
    <header>
      <skeleton>
        <external-file href=\\"file.skl\\"></external-file>
      </skeleton>
    </header>
    <body>
      <trans-unit id=\\"1\\">
        <source>Sentence <x ctype=\\"liquid_Literal\\" equiv-text=\\"{% for x in xs %}\\" id=\\"x-21\\"/>x<x ctype=\\"liquid_Literal\\" equiv-text=\\"{% endfor %}\\" id=\\"x-22\\"/>.</source>
      </trans-unit>
      <trans-unit id=\\"2\\">
        <source>X<x ctype=\\"liquid_Literal\\" equiv-text=\\"{% endfor %}\\" id=\\"x-23\\"/> cool.</source>
      </trans-unit>
    </body>
  </file>
</xliff>"
`;

exports[`renders xliff from markdown renders liquid variables wrapped in <x> tags 1`] = `
"<?xml version=\\"1.0\\" encoding=\\"UTF-8\\"?>
<xliff xmlns=\\"urn:oasis:names:tc:xliff:document:1.2\\" version=\\"1.2\\">
  <file original=\\"file.ext\\" source-language=\\"ru-RU\\" target-language=\\"en-US\\" datatype=\\"markdown\\">
    <header>
      <skeleton>
        <external-file href=\\"file.skl\\"></external-file>
      </skeleton>
    </header>
    <body>
      <trans-unit id=\\"1\\">
        <source>Sentence with <x ctype=\\"liquid_Variable\\" equiv-text=\\"{{ variable }}\\" id=\\"x-28\\"/>.</source>
      </trans-unit>
      <trans-unit id=\\"2\\">
        <source><x ctype=\\"liquid_Variable\\" equiv-text=\\"{{variable}}\\" id=\\"x-29\\"/> sentence.</source>
      </trans-unit>
    </body>
  </file>
</xliff>"
`;

exports[`renders xliff from markdown renders plain text 1`] = `
"<?xml version=\\"1.0\\" encoding=\\"UTF-8\\"?>
<xliff xmlns=\\"urn:oasis:names:tc:xliff:document:1.2\\" version=\\"1.2\\">
  <file original=\\"file.ext\\" source-language=\\"ru-RU\\" target-language=\\"en-US\\" datatype=\\"markdown\\">
    <header>
      <skeleton>
        <external-file href=\\"file.skl\\"></external-file>
      </skeleton>
    </header>
    <body>
      <trans-unit id=\\"1\\">
        <source>Предложение номер один.</source>
      </trans-unit>
      <trans-unit id=\\"2\\">
        <source>Предложение номер два.</source>
      </trans-unit>
    </body>
  </file>
</xliff>"
`;

exports[`renders xliff from markdown renders plain text sentences separated by newline 1`] = `
"<?xml version=\\"1.0\\" encoding=\\"UTF-8\\"?>
<xliff xmlns=\\"urn:oasis:names:tc:xliff:document:1.2\\" version=\\"1.2\\">
  <file original=\\"file.ext\\" source-language=\\"ru-RU\\" target-language=\\"en-US\\" datatype=\\"markdown\\">
    <header>
      <skeleton>
        <external-file href=\\"file.skl\\"></external-file>
      </skeleton>
    </header>
    <body>
      <trans-unit id=\\"1\\">
        <source>Предложение номер один.</source>
      </trans-unit>
      <trans-unit id=\\"2\\">
        <source>Предложение номер два.</source>
      </trans-unit>
    </body>
  </file>
</xliff>"
`;

exports[`renders xliff from markdown renders ref links wrapped in <x> tags 1`] = `
"<?xml version=\\"1.0\\" encoding=\\"UTF-8\\"?>
<xliff xmlns=\\"urn:oasis:names:tc:xliff:document:1.2\\" version=\\"1.2\\">
  <file original=\\"file.ext\\" source-language=\\"ru-RU\\" target-language=\\"en-US\\" datatype=\\"markdown\\">
    <header>
      <skeleton>
        <external-file href=\\"file.skl\\"></external-file>
      </skeleton>
    </header>
    <body>
      <trans-unit id=\\"1\\">
        <source>one</source>
      </trans-unit>
      <trans-unit id=\\"2\\">
        <source>Предложение номер <g ctype=\\"link\\" equiv-text=\\"[{#T}{{text}}](one.md &quot;%%%0%%%&quot;)\\" id=\\"g-13\\" x-begin=\\"[{#T}\\" x-end=\\"](one.md &quot;%%%0%%%&quot;)\\"></g>.</source>
      </trans-unit>
      <trans-unit id=\\"3\\">
        <source>Предложение номер <g ctype=\\"link\\" equiv-text=\\"[{#T}{{text}}](two.md)\\" id=\\"g-14\\" x-begin=\\"[{#T}\\" x-end=\\"](two.md)\\"></g>.</source>
      </trans-unit>
    </body>
  </file>
</xliff>"
`;

exports[`renders xliff from markdown renders s wrapped in <x> tags 1`] = `
"<?xml version=\\"1.0\\" encoding=\\"UTF-8\\"?>
<xliff xmlns=\\"urn:oasis:names:tc:xliff:document:1.2\\" version=\\"1.2\\">
  <file original=\\"file.ext\\" source-language=\\"ru-RU\\" target-language=\\"en-US\\" datatype=\\"markdown\\">
    <header>
      <skeleton>
        <external-file href=\\"file.skl\\"></external-file>
      </skeleton>
    </header>
    <body>
      <trans-unit id=\\"1\\">
        <source>Предложение номер <g ctype=\\"strikethrough\\" equiv-text=\\"~~{{text}}~~\\" id=\\"g-5\\" x-begin=\\"~~\\" x-end=\\"~~\\">один</g>.</source>
      </trans-unit>
      <trans-unit id=\\"2\\">
        <source>Предложение номер <g ctype=\\"strikethrough\\" equiv-text=\\"~~{{text}}~~\\" id=\\"g-6\\" x-begin=\\"~~\\" x-end=\\"~~\\">два</g>.</source>
      </trans-unit>
    </body>
  </file>
</xliff>"
`;

exports[`renders xliff from markdown renders samp wrapped in <x> tags 1`] = `
"<?xml version=\\"1.0\\" encoding=\\"UTF-8\\"?>
<xliff xmlns=\\"urn:oasis:names:tc:xliff:document:1.2\\" version=\\"1.2\\">
  <file original=\\"file.ext\\" source-language=\\"ru-RU\\" target-language=\\"en-US\\" datatype=\\"markdown\\">
    <header>
      <skeleton>
        <external-file href=\\"file.skl\\"></external-file>
      </skeleton>
    </header>
    <body>
      <trans-unit id=\\"1\\">
        <source>Предложение номер <g ctype=\\"monospace\\" equiv-text=\\"##{{text}}##\\" id=\\"g-9\\" x-begin=\\"##\\" x-end=\\"##\\">один</g>.</source>
      </trans-unit>
      <trans-unit id=\\"2\\">
        <source>Предложение номер <g ctype=\\"monospace\\" equiv-text=\\"##{{text}}##\\" id=\\"g-10\\" x-begin=\\"##\\" x-end=\\"##\\">два</g>.</source>
      </trans-unit>
    </body>
  </file>
</xliff>"
`;

exports[`renders xliff from markdown renders sentences with abbreviations inside parenthesis 1`] = `
"<?xml version=\\"1.0\\" encoding=\\"UTF-8\\"?>
<xliff xmlns=\\"urn:oasis:names:tc:xliff:document:1.2\\" version=\\"1.2\\">
  <file original=\\"file.ext\\" source-language=\\"ru-RU\\" target-language=\\"en-US\\" datatype=\\"markdown\\">
    <header>
      <skeleton>
        <external-file href=\\"file.skl\\"></external-file>
      </skeleton>
    </header>
    <body>
      <trans-unit id=\\"1\\">
        <source>Sentence (см. <g ctype=\\"link\\" equiv-text=\\"[{{text}}](file.md)\\" id=\\"g-24\\" x-begin=\\"[\\" x-end=\\"](file.md)\\">link</g>) continues.</source>
      </trans-unit>
      <trans-unit id=\\"2\\">
        <source>Another sentence.</source>
      </trans-unit>
    </body>
  </file>
</xliff>"
`;

exports[`renders xliff from markdown renders sentences with inline code that has liquid syntax inside 1`] = `
"<?xml version=\\"1.0\\" encoding=\\"UTF-8\\"?>
<xliff xmlns=\\"urn:oasis:names:tc:xliff:document:1.2\\" version=\\"1.2\\">
  <file original=\\"file.ext\\" source-language=\\"ru-RU\\" target-language=\\"en-US\\" datatype=\\"markdown\\">
    <header>
      <skeleton>
        <external-file href=\\"file.skl\\"></external-file>
      </skeleton>
    </header>
    <body>
      <trans-unit id=\\"1\\">
        <source>Sentence <x ctype=\\"code_open\\" equiv-text=\\"\`\\" id=\\"x-35\\"/><x ctype=\\"liquid_Variable\\" equiv-text=\\"{{ ui-key.yacloud.common.label_tcp }}\\" id=\\"x-36\\"/> other<x ctype=\\"code_close\\" equiv-text=\\"\`\\" id=\\"x-37\\"/>.</source>
      </trans-unit>
      <trans-unit id=\\"2\\">
        <source>Another sentence <x ctype=\\"code_open\\" equiv-text=\\"\`\\" id=\\"x-38\\"/><x ctype=\\"liquid_Filter\\" equiv-text=\\"{{user.name | capitalize}}\\" id=\\"x-39\\"/> other<x ctype=\\"code_close\\" equiv-text=\\"\`\\" id=\\"x-40\\"/>.</source>
      </trans-unit>
    </body>
  </file>
</xliff>"
`;

exports[`renders xliff from markdown renders sentences with links in the end 1`] = `
"<?xml version=\\"1.0\\" encoding=\\"UTF-8\\"?>
<xliff xmlns=\\"urn:oasis:names:tc:xliff:document:1.2\\" version=\\"1.2\\">
  <file original=\\"file.ext\\" source-language=\\"ru-RU\\" target-language=\\"en-US\\" datatype=\\"markdown\\">
    <header>
      <skeleton>
        <external-file href=\\"file.skl\\"></external-file>
      </skeleton>
    </header>
    <body>
      <trans-unit id=\\"1\\">
        <source>Инструкция содержит информацию о создании и настройке <g ctype=\\"link\\" equiv-text=\\"[{{text}}](concepts/desktops-and-groups.md)\\" id=\\"g-25\\" x-begin=\\"[\\" x-end=\\"](concepts/desktops-and-groups.md)\\">группы рабочих столов</g>.</source>
      </trans-unit>
      <trans-unit id=\\"2\\">
        <source>Если вы получили от администратора ссылку на <g ctype=\\"link\\" equiv-text=\\"[{{text}}](concepts/showcase.md)\\" id=\\"g-26\\" x-begin=\\"[\\" x-end=\\"](concepts/showcase.md)\\">витрину пользовательских рабочих столов</g>, перейдите к подразделу <g ctype=\\"link\\" equiv-text=\\"[{#T}{{text}}](#get-credentials)\\" id=\\"g-27\\" x-begin=\\"[{#T}\\" x-end=\\"](#get-credentials)\\"></g>.</source>
      </trans-unit>
    </body>
  </file>
</xliff>"
`;

exports[`renders xliff from markdown renders strong wrapped in <x> tags 1`] = `
"<?xml version=\\"1.0\\" encoding=\\"UTF-8\\"?>
<xliff xmlns=\\"urn:oasis:names:tc:xliff:document:1.2\\" version=\\"1.2\\">
  <file original=\\"file.ext\\" source-language=\\"ru-RU\\" target-language=\\"en-US\\" datatype=\\"markdown\\">
    <header>
      <skeleton>
        <external-file href=\\"file.skl\\"></external-file>
      </skeleton>
    </header>
    <body>
      <trans-unit id=\\"1\\">
        <source>Предложение номер <g ctype=\\"bold\\" equiv-text=\\"**{{text}}**\\" id=\\"g-1\\" x-begin=\\"**\\" x-end=\\"**\\">один</g>.</source>
      </trans-unit>
      <trans-unit id=\\"2\\">
        <source>Предложение номер <g ctype=\\"bold\\" equiv-text=\\"**{{text}}**\\" id=\\"g-2\\" x-begin=\\"**\\" x-end=\\"**\\">два</g>.</source>
      </trans-unit>
    </body>
  </file>
</xliff>"
`;

exports[`renders xliff from markdown renders sup wrapped in <x> tags 1`] = `
"<?xml version=\\"1.0\\" encoding=\\"UTF-8\\"?>
<xliff xmlns=\\"urn:oasis:names:tc:xliff:document:1.2\\" version=\\"1.2\\">
  <file original=\\"file.ext\\" source-language=\\"ru-RU\\" target-language=\\"en-US\\" datatype=\\"markdown\\">
    <header>
      <skeleton>
        <external-file href=\\"file.skl\\"></external-file>
      </skeleton>
    </header>
    <body>
      <trans-unit id=\\"1\\">
        <source>Предложение номер<g ctype=\\"sup\\" equiv-text=\\"^{{text}}^\\" id=\\"g-7\\" x-begin=\\"^\\" x-end=\\"^\\">один</g>.</source>
      </trans-unit>
      <trans-unit id=\\"2\\">
        <source>Предложение номер<g ctype=\\"sup\\" equiv-text=\\"^{{text}}^\\" id=\\"g-8\\" x-begin=\\"^\\" x-end=\\"^\\">два</g>.</source>
      </trans-unit>
    </body>
  </file>
</xliff>"
`;

exports[`renders xliff from markdown renders variable href link wrapped in <x> tags 1`] = `
"<?xml version=\\"1.0\\" encoding=\\"UTF-8\\"?>
<xliff xmlns=\\"urn:oasis:names:tc:xliff:document:1.2\\" version=\\"1.2\\">
  <file original=\\"file.ext\\" source-language=\\"ru-RU\\" target-language=\\"en-US\\" datatype=\\"markdown\\">
    <header>
      <skeleton>
        <external-file href=\\"file.skl\\"></external-file>
      </skeleton>
    </header>
    <body>
      <trans-unit id=\\"1\\">
        <source>one</source>
      </trans-unit>
      <trans-unit id=\\"2\\">
        <source>Предложение номер <g ctype=\\"link\\" equiv-text=\\"[{{text}}]({{one}} &quot;%%%0%%%&quot;)\\" id=\\"g-15\\" x-begin=\\"[\\" x-end=\\"]({{one}} &quot;%%%0%%%&quot;)\\">один</g>.</source>
      </trans-unit>
      <trans-unit id=\\"3\\">
        <source>Предложение номер <g ctype=\\"link\\" equiv-text=\\"[{{text}}]({{two}})\\" id=\\"g-16\\" x-begin=\\"[\\" x-end=\\"]({{two}})\\">два</g>.</source>
      </trans-unit>
    </body>
  </file>
</xliff>"
`;

exports[`renders xliff from markdown renders video wrapped in <x> tag 1`] = `
"<?xml version=\\"1.0\\" encoding=\\"UTF-8\\"?>
<xliff xmlns=\\"urn:oasis:names:tc:xliff:document:1.2\\" version=\\"1.2\\">
  <file original=\\"file.ext\\" source-language=\\"ru-RU\\" target-language=\\"en-US\\" datatype=\\"markdown\\">
    <header>
      <skeleton>
        <external-file href=\\"file.skl\\"></external-file>
      </skeleton>
    </header>
    <body>
      <trans-unit id=\\"1\\">
        <source>Sentence goes here.</source>
      </trans-unit>
      <trans-unit id=\\"2\\">
        <source>Another sentence</source>
      </trans-unit>
    </body>
  </file>
</xliff>"
`;
