// Jest Snapshot v1, https://goo.gl/fbAQLP

exports[`template generates xliff template 1`] = `
"<?xml version=\\"1.0\\" encoding=\\"UTF-8\\"?>
<xliff xmlns=\\"urn:oasis:names:tc:xliff:document:1.2\\" version=\\"1.2\\">
  <file original=\\"file.ext\\" source-language=\\"ru-RU\\" target-language=\\"en-US\\" datatype=\\"markdown\\">
    <header>
      <skeleton>
        <external-file href=\\"file.skl\\"></external-file>
      </skeleton>
    </header>
    <body>
      
    </body>
  </file>
</xliff>"
`;
